// Jest Snapshot v1, https://goo.gl/fbAQLP

exports[`should render as expected 1`] = `
<div
  className="sc-bdVaJa eydJRb"
  style={Object {}}
>
  <div
    className="sc-bwzfXH bJUZVN"
  >
    <header
      className="sc-htpNat lcyfRu"
      style={Object {}}
    >
      <span>
        <div
          className="sc-ifAKCX rpFvk"
        >
          github
        </div>
        organization
      </span>
      <div
        className="sc-EHOje iJdEwV"
      >
        <svg
          fill="currentColor"
          height="2vmin"
          preserveAspectRatio="xMidYMid meet"
          style={
            Object {
              "color": "#000",
              "verticalAlign": "middle",
            }
          }
          viewBox="0 0 40 40"
          width="2vmin"
        >
          <g>
            <path
              d="m15.8 27.1q0 0.9-0.3 1.9t-1 1.7-1.6 0.7-1.6-0.7-1-1.7-0.2-1.9 0.3-1.8 0.9-1.7 1.6-0.7 1.6 0.7 1 1.7 0.3 1.8z m14.3 0q0 0.9-0.3 1.9t-1 1.7-1.6 0.7-1.6-0.7-1-1.7-0.2-1.9 0.2-1.8 1-1.7 1.6-0.7 1.6 0.7 1 1.7 0.3 1.8z m3.5 0q0-2.6-1.5-4.5t-4.2-1.9q-0.9 0-4.3 0.5-1.6 0.2-3.5 0.2t-3.5-0.2q-3.4-0.5-4.4-0.5-2.6 0-4.2 1.9t-1.5 4.5q0 2 0.7 3.5t1.8 2.3 2.7 1.3 3.2 0.7 3.3 0.1h3.7q1.9 0 3.4-0.1t3.1-0.7 2.7-1.3 1.8-2.3 0.7-3.5z m5-3.9q0 4.6-1.3 7.4-0.9 1.7-2.4 3t-3.1 1.9-3.8 1.1-3.8 0.4-3.8 0.1q-1.7 0-3.1 0t-3.3-0.3-3.4-0.7-3.1-1.1-2.7-1.8-1.9-2.6q-1.4-2.7-1.4-7.4 0-5.3 3-8.8-0.6-1.9-0.6-3.8 0-2.6 1.2-4.9 2.4 0 4.2 0.9t4.2 2.8q3.3-0.8 6.9-0.8 3.3 0 6.3 0.7 2.3-1.8 4.2-2.7t4.2-0.9q1.1 2.3 1.1 4.9 0 1.9-0.6 3.7 3 3.6 3 8.9z"
            />
          </g>
        </svg>
      </div>
    </header>
    <div
      className="sc-bZQynM kFUlyb"
      style={Object {}}
    >
      <div
        className="sc-gzVnrw fTxDMC"
      >
        <svg
          className="sc-htoDjs iAHMRq"
          viewBox="0 0 50 50"
        >
          <circle
            className="path"
            cx="25"
            cy="25"
            fill="none"
            r="20"
            strokeWidth="4"
          />
        </svg>
      </div>
    </div>
  </div>
</div>
`;
