// Jest Snapshot v1, https://goo.gl/fbAQLP

exports[`should render as expected 1`] = `
<div
  className="sc-bdVaJa eydJRb"
  style={Object {}}
>
  <div
    className="sc-bwzfXH bJUZVN"
  >
    <header
      className="sc-htpNat lcyfRu"
      style={Object {}}
    >
      <span>
        <div
          className="sc-ifAKCX rpFvk"
        >
          plouc/mozaik
        </div>
        Pull Requests
        <div
          className="sc-bxivhb eDwDKI"
        >
          3
        </div>
      </span>
      <div
        className="sc-EHOje iJdEwV"
      >
        <svg
          fill="currentColor"
          height="2vmin"
          preserveAspectRatio="xMidYMid meet"
          style={
            Object {
              "color": "#000",
              "verticalAlign": "middle",
            }
          }
          viewBox="0 0 40 40"
          width="2vmin"
        >
          <g>
            <path
              d="m15.8 27.1q0 0.9-0.3 1.9t-1 1.7-1.6 0.7-1.6-0.7-1-1.7-0.2-1.9 0.3-1.8 0.9-1.7 1.6-0.7 1.6 0.7 1 1.7 0.3 1.8z m14.3 0q0 0.9-0.3 1.9t-1 1.7-1.6 0.7-1.6-0.7-1-1.7-0.2-1.9 0.2-1.8 1-1.7 1.6-0.7 1.6 0.7 1 1.7 0.3 1.8z m3.5 0q0-2.6-1.5-4.5t-4.2-1.9q-0.9 0-4.3 0.5-1.6 0.2-3.5 0.2t-3.5-0.2q-3.4-0.5-4.4-0.5-2.6 0-4.2 1.9t-1.5 4.5q0 2 0.7 3.5t1.8 2.3 2.7 1.3 3.2 0.7 3.3 0.1h3.7q1.9 0 3.4-0.1t3.1-0.7 2.7-1.3 1.8-2.3 0.7-3.5z m5-3.9q0 4.6-1.3 7.4-0.9 1.7-2.4 3t-3.1 1.9-3.8 1.1-3.8 0.4-3.8 0.1q-1.7 0-3.1 0t-3.3-0.3-3.4-0.7-3.1-1.1-2.7-1.8-1.9-2.6q-1.4-2.7-1.4-7.4 0-5.3 3-8.8-0.6-1.9-0.6-3.8 0-2.6 1.2-4.9 2.4 0 4.2 0.9t4.2 2.8q3.3-0.8 6.9-0.8 3.3 0 6.3 0.7 2.3-1.8 4.2-2.7t4.2-0.9q1.1 2.3 1.1 4.9 0 1.9-0.6 3.7 3 3.6 3 8.9z"
            />
          </g>
        </svg>
      </div>
    </header>
    <div
      className="sc-bZQynM kFUlyb"
      style={Object {}}
    >
      <div>
        <div
          className="sc-dnqmqq Bpvft"
        >
          <div
            className="sc-gZMcBi bsejjv"
          >
            <div
              className="sc-kgoBCf eXgzao"
              style={
                Object {
                  "fontSize": "calc(4vmin / 2)",
                  "height": "4vmin",
                  "width": "4vmin",
                }
              }
            >
              <img
                alt="plouc"
                src="http://mozaik.rocks/avatar.gif"
              />
            </div>
          </div>
          <div
            style={
              Object {
                "flexGrow": 1,
              }
            }
          >
            <div
              className="sc-iwsKbI gExwvp"
            >
              <span>
                <a
                  href="https://github.com/whatever"
                  target="_blank"
                >
                  PR-0
                </a>
                 
                by
                 
                <a
                  href="https://github.com/whatever"
                  target="_blank"
                >
                  plouc
                </a>
              </span>
            </div>
            <div
              className="sc-hzDkRC cJCExA"
              type="default"
            >
              <span
                style={
                  Object {
                    "alignItems": "center",
                    "display": "flex",
                  }
                }
              >
                <svg
                  fill="currentColor"
                  height="1em"
                  preserveAspectRatio="xMidYMid meet"
                  style={
                    Object {
                      "color": undefined,
                      "verticalAlign": "middle",
                    }
                  }
                  viewBox="0 0 40 40"
                  width="1em"
                >
                  <g>
                    <path
                      d="m23 12.1v10q0 0.4-0.2 0.6t-0.5 0.2h-7.2q-0.3 0-0.5-0.2t-0.2-0.6v-1.4q0-0.3 0.2-0.5t0.5-0.2h5v-7.9q0-0.3 0.2-0.5t0.6-0.2h1.4q0.3 0 0.5 0.2t0.2 0.5z m9.3 7.9q0-3.3-1.6-6.1t-4.5-4.4-6.1-1.6-6.1 1.6-4.4 4.4-1.6 6.1 1.6 6.1 4.4 4.4 6.1 1.6 6.1-1.6 4.5-4.4 1.6-6.1z m5 0q0 4.7-2.3 8.6t-6.3 6.2-8.6 2.3-8.6-2.3-6.2-6.2-2.3-8.6 2.3-8.6 6.2-6.2 8.6-2.3 8.6 2.3 6.3 6.2 2.3 8.6z"
                    />
                  </g>
                </svg>
                 
                7 years ago
              </span>
            </div>
          </div>
        </div>
        <div
          className="sc-dnqmqq Bpvft"
        >
          <div
            className="sc-gZMcBi bsejjv"
          >
            <div
              className="sc-kgoBCf eXgzao"
              style={
                Object {
                  "fontSize": "calc(4vmin / 2)",
                  "height": "4vmin",
                  "width": "4vmin",
                }
              }
            >
              <img
                alt="john"
                src="http://mozaik.rocks/avatar.gif"
              />
            </div>
          </div>
          <div
            style={
              Object {
                "flexGrow": 1,
              }
            }
          >
            <div
              className="sc-iwsKbI gExwvp"
            >
              <span>
                <a
                  href="https://github.com/whatever"
                  target="_blank"
                >
                  PR-1
                </a>
                 
                by
                 
                <a
                  href="https://github.com/whatever"
                  target="_blank"
                >
                  john
                </a>
              </span>
            </div>
            <div
              className="sc-jhAzac lfYNJx"
              type="default"
            >
              <span
                style={
                  Object {
                    "alignItems": "center",
                    "display": "flex",
                  }
                }
              >
                <svg
                  fill="currentColor"
                  height="1em"
                  preserveAspectRatio="xMidYMid meet"
                  style={
                    Object {
                      "color": undefined,
                      "verticalAlign": "middle",
                    }
                  }
                  viewBox="0 0 40 40"
                  width="1em"
                >
                  <g>
                    <path
                      d="m23 12.1v10q0 0.4-0.2 0.6t-0.5 0.2h-7.2q-0.3 0-0.5-0.2t-0.2-0.6v-1.4q0-0.3 0.2-0.5t0.5-0.2h5v-7.9q0-0.3 0.2-0.5t0.6-0.2h1.4q0.3 0 0.5 0.2t0.2 0.5z m9.3 7.9q0-3.3-1.6-6.1t-4.5-4.4-6.1-1.6-6.1 1.6-4.4 4.4-1.6 6.1 1.6 6.1 4.4 4.4 6.1 1.6 6.1-1.6 4.5-4.4 1.6-6.1z m5 0q0 4.7-2.3 8.6t-6.3 6.2-8.6 2.3-8.6-2.3-6.2-6.2-2.3-8.6 2.3-8.6 6.2-6.2 8.6-2.3 8.6 2.3 6.3 6.2 2.3 8.6z"
                    />
                  </g>
                </svg>
                 
                7 years ago
              </span>
            </div>
          </div>
        </div>
        <div
          className="sc-dnqmqq Bpvft"
        >
          <div
            className="sc-gZMcBi bsejjv"
          >
            <div
              className="sc-kgoBCf eXgzao"
              style={
                Object {
                  "fontSize": "calc(4vmin / 2)",
                  "height": "4vmin",
                  "width": "4vmin",
                }
              }
            >
              <img
                alt="sarah"
                src="http://mozaik.rocks/avatar.gif"
              />
            </div>
          </div>
          <div
            style={
              Object {
                "flexGrow": 1,
              }
            }
          >
            <div
              className="sc-iwsKbI gExwvp"
            >
              <span>
                <a
                  href="https://github.com/whatever"
                  target="_blank"
                >
                  PR-2
                </a>
                 
                by
                 
                <a
                  href="https://github.com/whatever"
                  target="_blank"
                >
                  sarah
                </a>
              </span>
            </div>
            <div
              className="sc-fBuWsC dUciHS"
              type="default"
            >
              <span
                style={
                  Object {
                    "alignItems": "center",
                    "display": "flex",
                  }
                }
              >
                <svg
                  fill="currentColor"
                  height="1em"
                  preserveAspectRatio="xMidYMid meet"
                  style={
                    Object {
                      "color": undefined,
                      "verticalAlign": "middle",
                    }
                  }
                  viewBox="0 0 40 40"
                  width="1em"
                >
                  <g>
                    <path
                      d="m23 12.1v10q0 0.4-0.2 0.6t-0.5 0.2h-7.2q-0.3 0-0.5-0.2t-0.2-0.6v-1.4q0-0.3 0.2-0.5t0.5-0.2h5v-7.9q0-0.3 0.2-0.5t0.6-0.2h1.4q0.3 0 0.5 0.2t0.2 0.5z m9.3 7.9q0-3.3-1.6-6.1t-4.5-4.4-6.1-1.6-6.1 1.6-4.4 4.4-1.6 6.1 1.6 6.1 4.4 4.4 6.1 1.6 6.1-1.6 4.5-4.4 1.6-6.1z m5 0q0 4.7-2.3 8.6t-6.3 6.2-8.6 2.3-8.6-2.3-6.2-6.2-2.3-8.6 2.3-8.6 6.2-6.2 8.6-2.3 8.6 2.3 6.3 6.2 2.3 8.6z"
                    />
                  </g>
                </svg>
                 
                7 years ago
              </span>
            </div>
          </div>
        </div>
      </div>
    </div>
  </div>
</div>
`;
